src/components/hero-section.tsx(58,29): error TS2339: Property 'original_source' does not exist on type 'NewsArticle'.
src/components/hero-section.tsx(156,28): error TS2339: Property 'original_source' does not exist on type 'NewsArticle'.
src/components/search-dialog.tsx(143,36): error TS2339: Property 'original_source' does not exist on type 'NewsArticle'.
