src/components/country-feed-page.tsx(219,6): error TS17008: JSX element 'div' has no corresponding closing tag.
src/components/country-feed-page.tsx(526,1): error TS1381: Unexpected token. Did you mean `{'}'}` or `&rbrace;`?
src/components/country-feed-page.tsx(527,1): error TS1005: '</' expected.
